| Test.java:9:3:9:27 | readObject(...) | ObjectInputStream |
| Test.java:10:3:10:26 | readObject(...) | ObjectInput |
